FC007: Ensure recipe dependencies are reflected in cookbook metadata: ./recipes/default.rb:65
FC052: Metadata uses the deprecated "suggests" keyword: ./metadata.rb:14
FC064: Ensure issues_url is set in metadata: ./metadata.rb:1
FC065: Ensure source_url is set in metadata: ./metadata.rb:1
FC066: Ensure chef_version is set in metadata: ./metadata.rb:1
FC069: Ensure standardized license defined in metadata: ./metadata.rb:1
FC078: Ensure cookbook shared under an OSI-approved open source license: ./metadata.rb:1
FC089: Prefer Mixlib::Shellout over deprecated Chef::ShellOut: ./recipes/default.rb:73
