FC070: Ensure supports metadata defines valid platforms: ./metadata.rb:1
