FC001: Use strings in preference to symbols to access node attributes: ./attributes/default.rb:20
FC001: Use strings in preference to symbols to access node attributes: ./attributes/default.rb:21
FC001: Use strings in preference to symbols to access node attributes: ./attributes/default.rb:22
FC001: Use strings in preference to symbols to access node attributes: ./attributes/default.rb:26
FC001: Use strings in preference to symbols to access node attributes: ./attributes/default.rb:27
FC001: Use strings in preference to symbols to access node attributes: ./attributes/default.rb:28
FC001: Use strings in preference to symbols to access node attributes: ./attributes/default.rb:29
FC001: Use strings in preference to symbols to access node attributes: ./attributes/default.rb:31
FC001: Use strings in preference to symbols to access node attributes: ./attributes/default.rb:32
FC001: Use strings in preference to symbols to access node attributes: ./attributes/default.rb:33
FC001: Use strings in preference to symbols to access node attributes: ./attributes/default.rb:34
FC001: Use strings in preference to symbols to access node attributes: ./attributes/default.rb:35
FC001: Use strings in preference to symbols to access node attributes: ./attributes/default.rb:38
FC001: Use strings in preference to symbols to access node attributes: ./attributes/default.rb:39
FC001: Use strings in preference to symbols to access node attributes: ./attributes/default.rb:40
FC001: Use strings in preference to symbols to access node attributes: ./attributes/default.rb:41
FC001: Use strings in preference to symbols to access node attributes: ./attributes/default.rb:42
FC001: Use strings in preference to symbols to access node attributes: ./attributes/default.rb:43
FC001: Use strings in preference to symbols to access node attributes: ./attributes/default.rb:44
FC001: Use strings in preference to symbols to access node attributes: ./attributes/default.rb:45
FC001: Use strings in preference to symbols to access node attributes: ./attributes/default.rb:46
FC001: Use strings in preference to symbols to access node attributes: ./attributes/default.rb:47
FC001: Use strings in preference to symbols to access node attributes: ./attributes/default.rb:49
FC001: Use strings in preference to symbols to access node attributes: ./attributes/default.rb:50
FC001: Use strings in preference to symbols to access node attributes: ./attributes/server_proxy.rb:23
FC001: Use strings in preference to symbols to access node attributes: ./attributes/server_proxy.rb:25
FC001: Use strings in preference to symbols to access node attributes: ./attributes/server_proxy.rb:28
FC001: Use strings in preference to symbols to access node attributes: ./attributes/server_proxy.rb:29
FC019: Access node attributes in a consistent manner: ./attributes/default.rb:38
FC019: Access node attributes in a consistent manner: ./attributes/default.rb:39
FC019: Access node attributes in a consistent manner: ./attributes/default.rb:50
FC019: Access node attributes in a consistent manner: ./attributes/server_proxy.rb:26
FC064: Ensure issues_url is set in metadata: ./metadata.rb:1
FC065: Ensure source_url is set in metadata: ./metadata.rb:1
FC066: Ensure chef_version is set in metadata: ./metadata.rb:1
FC069: Ensure standardized license defined in metadata: ./metadata.rb:1
FC078: Ensure cookbook shared under an OSI-approved open source license: ./metadata.rb:1
FC082: Deprecated node.set or node.set_unless used to set node attributes: ./recipes/bootstrap_server.rb:27
FC082: Deprecated node.set or node.set_unless used to set node attributes: ./recipes/bootstrap_server.rb:28
FC082: Deprecated node.set or node.set_unless used to set node attributes: ./recipes/bootstrap_server.rb:29
FC082: Deprecated node.set or node.set_unless used to set node attributes: ./recipes/bootstrap_server.rb:30
FC082: Deprecated node.set or node.set_unless used to set node attributes: ./recipes/bootstrap_server.rb:31
FC082: Deprecated node.set or node.set_unless used to set node attributes: ./recipes/bootstrap_server.rb:32
FC082: Deprecated node.set or node.set_unless used to set node attributes: ./recipes/bootstrap_server.rb:33
FC082: Deprecated node.set or node.set_unless used to set node attributes: ./recipes/bootstrap_server.rb:34
FC082: Deprecated node.set or node.set_unless used to set node attributes: ./recipes/bootstrap_server.rb:35
FC082: Deprecated node.set or node.set_unless used to set node attributes: ./recipes/bootstrap_server.rb:36
FC082: Deprecated node.set or node.set_unless used to set node attributes: ./recipes/bootstrap_server.rb:37
FC082: Deprecated node.set or node.set_unless used to set node attributes: ./recipes/bootstrap_server.rb:38
FC082: Deprecated node.set or node.set_unless used to set node attributes: ./recipes/bootstrap_server.rb:39
FC082: Deprecated node.set or node.set_unless used to set node attributes: ./recipes/client.rb:25
FC082: Deprecated node.set or node.set_unless used to set node attributes: ./recipes/client.rb:26
FC082: Deprecated node.set or node.set_unless used to set node attributes: ./recipes/client.rb:27
FC082: Deprecated node.set or node.set_unless used to set node attributes: ./recipes/client.rb:28
FC082: Deprecated node.set or node.set_unless used to set node attributes: ./recipes/client.rb:29
FC082: Deprecated node.set or node.set_unless used to set node attributes: ./recipes/client.rb:30
FC082: Deprecated node.set or node.set_unless used to set node attributes: ./recipes/client.rb:31
FC082: Deprecated node.set or node.set_unless used to set node attributes: ./recipes/client.rb:32
FC082: Deprecated node.set or node.set_unless used to set node attributes: ./recipes/client.rb:33
FC082: Deprecated node.set or node.set_unless used to set node attributes: ./recipes/client.rb:34
FC082: Deprecated node.set or node.set_unless used to set node attributes: ./recipes/client.rb:35
FC082: Deprecated node.set or node.set_unless used to set node attributes: ./recipes/client_service.rb:24
FC082: Deprecated node.set or node.set_unless used to set node attributes: ./recipes/client_service.rb:25
FC082: Deprecated node.set or node.set_unless used to set node attributes: ./recipes/client_service.rb:26
FC082: Deprecated node.set or node.set_unless used to set node attributes: ./recipes/client_service.rb:27
FC082: Deprecated node.set or node.set_unless used to set node attributes: ./recipes/client_service.rb:28
FC082: Deprecated node.set or node.set_unless used to set node attributes: ./recipes/client_service.rb:29
FC082: Deprecated node.set or node.set_unless used to set node attributes: ./recipes/client_service.rb:30
FC082: Deprecated node.set or node.set_unless used to set node attributes: ./recipes/client_service.rb:31
FC082: Deprecated node.set or node.set_unless used to set node attributes: ./recipes/client_service.rb:32
FC082: Deprecated node.set or node.set_unless used to set node attributes: ./recipes/client_service.rb:33
FC082: Deprecated node.set or node.set_unless used to set node attributes: ./recipes/client_service.rb:34
FC082: Deprecated node.set or node.set_unless used to set node attributes: ./recipes/server.rb:25
FC082: Deprecated node.set or node.set_unless used to set node attributes: ./recipes/server.rb:26
FC082: Deprecated node.set or node.set_unless used to set node attributes: ./recipes/server.rb:27
FC082: Deprecated node.set or node.set_unless used to set node attributes: ./recipes/server.rb:28
FC082: Deprecated node.set or node.set_unless used to set node attributes: ./recipes/server.rb:29
FC082: Deprecated node.set or node.set_unless used to set node attributes: ./recipes/server.rb:30
FC082: Deprecated node.set or node.set_unless used to set node attributes: ./recipes/server.rb:31
FC082: Deprecated node.set or node.set_unless used to set node attributes: ./recipes/server.rb:32
FC082: Deprecated node.set or node.set_unless used to set node attributes: ./recipes/server.rb:33
FC082: Deprecated node.set or node.set_unless used to set node attributes: ./recipes/server.rb:34
FC082: Deprecated node.set or node.set_unless used to set node attributes: ./recipes/server.rb:35
FC082: Deprecated node.set or node.set_unless used to set node attributes: ./recipes/server.rb:36
FC082: Deprecated node.set or node.set_unless used to set node attributes: ./recipes/server.rb:37
FC082: Deprecated node.set or node.set_unless used to set node attributes: ./recipes/server.rb:38
FC082: Deprecated node.set or node.set_unless used to set node attributes: ./recipes/server.rb:39
FC082: Deprecated node.set or node.set_unless used to set node attributes: ./recipes/server_proxy.rb:23
FC082: Deprecated node.set or node.set_unless used to set node attributes: ./recipes/server_proxy.rb:24
FC082: Deprecated node.set or node.set_unless used to set node attributes: ./recipes/server_proxy.rb:25
FC082: Deprecated node.set or node.set_unless used to set node attributes: ./recipes/server_proxy.rb:26
FC082: Deprecated node.set or node.set_unless used to set node attributes: ./recipes/server_proxy.rb:27
FC082: Deprecated node.set or node.set_unless used to set node attributes: ./recipes/server_proxy.rb:28
FC082: Deprecated node.set or node.set_unless used to set node attributes: ./recipes/server_proxy.rb:29
FC082: Deprecated node.set or node.set_unless used to set node attributes: ./recipes/server_proxy.rb:30
FC082: Deprecated node.set or node.set_unless used to set node attributes: ./recipes/server_proxy.rb:31
FC082: Deprecated node.set or node.set_unless used to set node attributes: ./recipes/server_proxy.rb:32
FC082: Deprecated node.set or node.set_unless used to set node attributes: ./recipes/server_proxy.rb:33
FC082: Deprecated node.set or node.set_unless used to set node attributes: ./recipes/server_proxy.rb:34
FC082: Deprecated node.set or node.set_unless used to set node attributes: ./recipes/server_proxy.rb:35
FC082: Deprecated node.set or node.set_unless used to set node attributes: ./recipes/server_proxy.rb:36
FC082: Deprecated node.set or node.set_unless used to set node attributes: ./recipes/server_proxy.rb:37
FC082: Deprecated node.set or node.set_unless used to set node attributes: ./recipes/server_proxy.rb:38
FC082: Deprecated node.set or node.set_unless used to set node attributes: ./recipes/server_proxy.rb:39
