FC001: Use strings in preference to symbols to access node attributes: ./attributes/default.rb:1
FC001: Use strings in preference to symbols to access node attributes: ./attributes/default.rb:2
FC001: Use strings in preference to symbols to access node attributes: ./attributes/default.rb:3
FC001: Use strings in preference to symbols to access node attributes: ./attributes/default.rb:4
FC001: Use strings in preference to symbols to access node attributes: ./attributes/default.rb:5
FC001: Use strings in preference to symbols to access node attributes: ./attributes/default.rb:6
FC001: Use strings in preference to symbols to access node attributes: ./attributes/default.rb:7
FC001: Use strings in preference to symbols to access node attributes: ./attributes/default.rb:8
FC001: Use strings in preference to symbols to access node attributes: ./templates/default/res.erb:1
FC019: Access node attributes in a consistent manner: ./attributes/default.rb:1
FC019: Access node attributes in a consistent manner: ./attributes/default.rb:2
FC019: Access node attributes in a consistent manner: ./attributes/default.rb:3
FC019: Access node attributes in a consistent manner: ./attributes/default.rb:4
FC019: Access node attributes in a consistent manner: ./attributes/default.rb:5
FC019: Access node attributes in a consistent manner: ./attributes/default.rb:6
FC019: Access node attributes in a consistent manner: ./attributes/default.rb:7
FC019: Access node attributes in a consistent manner: ./attributes/default.rb:8
FC043: Prefer new notification syntax: ./recipes/pair.rb:45
FC043: Prefer new notification syntax: ./recipes/pair.rb:58
FC043: Prefer new notification syntax: ./recipes/pair.rb:65
FC043: Prefer new notification syntax: ./recipes/pair.rb:85
FC064: Ensure issues_url is set in metadata: ./metadata.rb:1
FC065: Ensure source_url is set in metadata: ./metadata.rb:1
FC066: Ensure chef_version is set in metadata: ./metadata.rb:1
FC069: Ensure standardized license defined in metadata: ./metadata.rb:1
FC075: Cookbook uses node.save to save partial node data to the chef-server mid-run: ./recipes/default.rb:21
FC078: Ensure cookbook shared under an OSI-approved open source license: ./metadata.rb:1
FC082: Deprecated node.set or node.set_unless used to set node attributes: ./recipes/pair.rb:87
FC089: Prefer Mixlib::Shellout over deprecated Chef::ShellOut: ./recipes/pair.rb:49
