FC001: Use strings in preference to symbols to access node attributes: ./recipes/default.rb:37
FC015: Consider converting definition to a Custom Resource: ./definitions/iptables_rule.rb:1
FC043: Prefer new notification syntax: ./definitions/iptables_rule.rb:20
FC043: Prefer new notification syntax: ./definitions/iptables_rule.rb:23
FC064: Ensure issues_url is set in metadata: ./metadata.rb:1
FC065: Ensure source_url is set in metadata: ./metadata.rb:1
FC066: Ensure chef_version is set in metadata: ./metadata.rb:1
FC069: Ensure standardized license defined in metadata: ./metadata.rb:1
FC078: Ensure cookbook shared under an OSI-approved open source license: ./metadata.rb:1
