FC001: Use strings in preference to symbols to access node attributes: ./attributes/default.rb:1
FC001: Use strings in preference to symbols to access node attributes: ./attributes/default.rb:2
FC001: Use strings in preference to symbols to access node attributes: ./attributes/default.rb:3
FC001: Use strings in preference to symbols to access node attributes: ./recipes/server.rb:38
FC001: Use strings in preference to symbols to access node attributes: ./recipes/server.rb:41
FC001: Use strings in preference to symbols to access node attributes: ./templates/default/kickstart.conf.erb:14
FC001: Use strings in preference to symbols to access node attributes: ./templates/default/kickstart.conf.erb:15
FC001: Use strings in preference to symbols to access node attributes: ./templates/default/ks.cfg.erb:6
FC001: Use strings in preference to symbols to access node attributes: ./templates/default/ks.cfg.erb:9
FC001: Use strings in preference to symbols to access node attributes: ./templates/default/ks.cfg.erb:10
FC064: Ensure issues_url is set in metadata: ./metadata.rb:1
FC065: Ensure source_url is set in metadata: ./metadata.rb:1
FC066: Ensure chef_version is set in metadata: ./metadata.rb:1
FC069: Ensure standardized license defined in metadata: ./metadata.rb:1
FC078: Ensure cookbook shared under an OSI-approved open source license: ./metadata.rb:1
